// Jest Snapshot v1, https://goo.gl/fbAQLP

exports[`Header renders correctly 1`] = `
<header
  className="header"
>
  <div>
    <h1>
      <a
        href="/"
      >
        Default Starter
      </a>
    </h1>
    <div
      className="header__text"
    >
      
    </div>
  </div>
</header>
`;
